|PO    [1;32mC[0;32modepage[1;36m::[32m4[0;32m37[37m
       [1;30m([35mC[0;35mP437[1;30m)[0m
                                         [32m|[37m [1m0 1 2 3 4 5 6 7 8 9 A B C D E F[0m
                                        [32m-+---------------------------------[37m
                                    [1m0x0  [0;32m|[37m   [1;36m        	 	     [0m
                                    [1m1x16[0m [32m|[37m [1;36m               [0m
                                    [1m2x32[0m [32m|[37m   [1;36m! " # $ % & ' ( ) * + , - . /[0m
           [1;36mS[0;36mtandard [1mA[0;36mSCII[37m           [1m3x48[0m [32m|[37m [1;36m0 1 2 3 4 5 6 7 8 9 : ; < = > ?[0m
           [1;36mC[0;36mharacters [1;30m([36m0[32m-[36m1[0;36m27[1;30m)[0;36m       [1;37m4x64 [0;32m|[37m [1;36m@ A B C D E F G H I J K L M N O[0m
                                    [1m5x80 [0;32m|[37m [1;36mP Q R S T U V W X Y Z [ \ ] ^ _[0m
                                    [1m6x96 [0;32m|[37m [1;36m` a b c d e f g h i j k l m n o[0m
                                    [1m7x112[0;32m|[37m [1;36mp q r s t u v w x y z { | } ~[0m [1;35m[0m
                                        [32m-+---------------------------------[37m
                                    [1m8x128[0;32m|[37m [1;35mÄ Å Ç É Ñ Ö Ü á à â ä ã å ç é[0m [1;35mè[0m
                                    [1m9x144[0;32m|[37m [1;35mê ë í ì î ï ñ ó ò ô ö õ ú ù û[0m [1;35mü[0m
                                    [1mAx160[0;32m|[37m [1;35m† ° ¢ £ § • ¶ ß ® © ™ ´ ¨ ≠ Æ[0m [1;35mØ[0m
           [1;35mE[0;35mxtended [1mA[0;35mSCII           [1;37mBx176[0;32m|[37m [1;35m∞ ± ≤ ≥ ¥ µ ∂ ∑ ∏ π ∫ ª º Ω æ[0m [1;35mø[0m
           [1;35mC[0;35mharacters [1;30m([35m1[0;35m28[1;32m-[35m2[0;35m55[1;30m)[0m     [1mCx192[0;32m|[37m [1;35m¿ ¡ ¬ √ ƒ ≈ ∆ « » …   À Ã Õ Œ[0m [1;35mœ[0m
                                    [1mDx208[0;32m|[37m [1;35m– — “ ” ‘ ’ ÷ ◊ ÿ Ÿ ⁄ € ‹ › ﬁ[0m [1;35mﬂ[0m
                                    [1mEx224[0;32m|[37m [1;35m‡ · ‚ „ ‰ Â Ê Á Ë È Í Î Ï Ì Ó[0m [1;35mÔ[0m
                                    [1mFx240[0;32m|[37m [1;35m Ò Ú Û Ù ı ˆ ˜ ¯ ˘ ˙ ˚ ¸ ˝ ˛[0m

